D:\Worx\_MyProjz\ms_platform\Auth\Auth.Application\Features\Auth\Commands\AssignRole\AssignRoleCommandHandler.cs(25,67): error CS1061: 'AssignRoleCommand' does not contain a definition for 'RoleId' and no accessible extension method 'RoleId' accepting a first argument of type 'AssignRoleCommand' could be found (are you missing a using directive or an assembly reference?) [D:\Worx\_MyProjz\ms_platform\Auth\Auth.Application\Auth.Application.csproj]
D:\Worx\_MyProjz\ms_platform\Auth\Auth.Application\Features\Auth\Commands\AssignRole\AssignRoleCommandHandler.cs(34,134): error CS1061: 'AssignRoleCommand' does not contain a definition for 'RoleId' and no accessible extension method 'RoleId' accepting a first argument of type 'AssignRoleCommand' could be found (are you missing a using directive or an assembly reference?) [D:\Worx\_MyProjz\ms_platform\Auth\Auth.Application\Auth.Application.csproj]
D:\Worx\_MyProjz\ms_platform\Auth\Auth.Application\Features\Auth\Queries\GetAppUserStats\AppUserStatsDto.cs(6,19): warning CS8618: Non-nullable property 'AppName' must contain a non-null value when exiting constructor. Consider adding the 'required' modifier or declaring the property as nullable. [D:\Worx\_MyProjz\ms_platform\Auth\Auth.Application\Auth.Application.csproj]
D:\Worx\_MyProjz\ms_platform\Auth\Auth.Application\Features\Auth\Queries\GetAppUserStats\GetAppUserStatsQuery.cs(39,23): warning CS8618: Non-nullable property 'Name' must contain a non-null value when exiting constructor. Consider adding the 'required' modifier or declaring the property as nullable. [D:\Worx\_MyProjz\ms_platform\Auth\Auth.Application\Auth.Application.csproj]
D:\Worx\_MyProjz\ms_platform\Auth\Auth.Application\Features\Auth\Commands\RegisterUser\RegisterUserCommandHandler.cs(92,51): warning CS8629: Nullable value type may be null. [D:\Worx\_MyProjz\ms_platform\Auth\Auth.Application\Auth.Application.csproj]
